
> react-kavia@0.1.0 start
> react-scripts start

Attempting to bind to HOST environment variable: 0.0.0.0
If this was unintentional, check that you haven't mistakenly set it in your shell.
Learn more here: https://cra.link/advanced-config

(node:47217) [DEP_WEBPACK_DEV_SERVER_ON_AFTER_SETUP_MIDDLEWARE] DeprecationWarning: 'onAfterSetupMiddleware' option is deprecated. Please use the 'setupMiddlewares' option.
(Use `node --trace-deprecation ...` to show where the warning was created)
(node:47217) [DEP_WEBPACK_DEV_SERVER_ON_BEFORE_SETUP_MIDDLEWARE] DeprecationWarning: 'onBeforeSetupMiddleware' option is deprecated. Please use the 'setupMiddlewares' option.
Starting the development server...

Compiled successfully!

You can now view react-kavia in the browser.

  Local:            http://localhost:3000
  On Your Network:  http://172.17.0.2:3000

Note that the development build is not optimized.
To create a production build, use npm run build.

webpack compiled successfully
Compiling...
Compiled with warnings.

[eslint] 
src/App.js
  Line 34:10:   'randomBetween' is defined but never used                                           no-unused-vars
  Line 64:9:    Function declared in a loop contains unsafe references to variable(s) 'pos', 'pos'  no-loop-func
  Line 111:10:  'bombs' is assigned a value but never used                                          no-unused-vars
  Line 111:17:  'setBombs' is assigned a value but never used                                       no-unused-vars
  Line 112:10:  'lasers' is assigned a value but never used                                         no-unused-vars
  Line 112:18:  'setLasers' is assigned a value but never used                                      no-unused-vars
  Line 114:9:   'bombNextTimerRef' is assigned a value but never used                               no-unused-vars
  Line 115:9:   'laserNextTimerRef' is assigned a value but never used                              no-unused-vars
  Line 211:11:  'delta' is assigned a value but never used                                          no-unused-vars

Search for the keywords to learn more about each warning.
To ignore, add // eslint-disable-next-line to the line before.

WARNING in [eslint] 
src/App.js
  Line 34:10:   'randomBetween' is defined but never used                                           no-unused-vars
  Line 64:9:    Function declared in a loop contains unsafe references to variable(s) 'pos', 'pos'  no-loop-func
  Line 111:10:  'bombs' is assigned a value but never used                                          no-unused-vars
  Line 111:17:  'setBombs' is assigned a value but never used                                       no-unused-vars
  Line 112:10:  'lasers' is assigned a value but never used                                         no-unused-vars
  Line 112:18:  'setLasers' is assigned a value but never used                                      no-unused-vars
  Line 114:9:   'bombNextTimerRef' is assigned a value but never used                               no-unused-vars
  Line 115:9:   'laserNextTimerRef' is assigned a value but never used                              no-unused-vars
  Line 211:11:  'delta' is assigned a value but never used                                          no-unused-vars

webpack compiled with 1 warning
Compiling...
Compiled with warnings.

[eslint] 
src/App.js
  Line 34:10:   'randomBetween' is defined but never used                                           no-unused-vars
  Line 64:9:    Function declared in a loop contains unsafe references to variable(s) 'pos', 'pos'  no-loop-func
  Line 111:17:  'setBombs' is assigned a value but never used                                       no-unused-vars
  Line 112:18:  'setLasers' is assigned a value but never used                                      no-unused-vars
  Line 114:9:   'bombNextTimerRef' is assigned a value but never used                               no-unused-vars
  Line 115:9:   'laserNextTimerRef' is assigned a value but never used                              no-unused-vars
  Line 216:11:  'delta' is assigned a value but never used                                          no-unused-vars

Search for the keywords to learn more about each warning.
To ignore, add // eslint-disable-next-line to the line before.

WARNING in [eslint] 
src/App.js
  Line 34:10:   'randomBetween' is defined but never used                                           no-unused-vars
  Line 64:9:    Function declared in a loop contains unsafe references to variable(s) 'pos', 'pos'  no-loop-func
  Line 111:17:  'setBombs' is assigned a value but never used                                       no-unused-vars
  Line 112:18:  'setLasers' is assigned a value but never used                                      no-unused-vars
  Line 114:9:   'bombNextTimerRef' is assigned a value but never used                               no-unused-vars
  Line 115:9:   'laserNextTimerRef' is assigned a value but never used                              no-unused-vars
  Line 216:11:  'delta' is assigned a value but never used                                          no-unused-vars

webpack compiled with 1 warning
Compiling...
Failed to compile.

[eslint] 
src/App.js
  Line 315:47:  'LASER_WARNING_TIME' is not defined     no-undef
  Line 359:57:  'BOMB_EXPLODE_DURATION' is not defined  no-undef
  Line 365:89:  'BOMB_EXPLODE_DURATION' is not defined  no-undef
  Line 388:22:  'LASER_VARIANT_COLORS' is not defined   no-undef
  Line 388:70:  'LASER_VARIANT_COLORS' is not defined   no-undef
  Line 402:66:  'LASER_FIRE_TIME' is not defined        no-undef
  Line 419:44:  'BOMB_RADIUS' is not defined            no-undef
  Line 427:50:  'BOMB_RADIUS' is not defined            no-undef
  Line 443:45:  'LASER_WIDTH' is not defined            no-undef
  Line 447:49:  'LASER_WIDTH' is not defined            no-undef
  Line 456:45:  'LASER_WIDTH' is not defined            no-undef
  Line 460:49:  'LASER_WIDTH' is not defined            no-undef

Search for the keywords to learn more about each error.
WARNING in [eslint] 
src/App.js
  Line 64:9:    Function declared in a loop contains unsafe references to variable(s) 'pos', 'pos'      no-loop-func
  Line 320:26:  'playerScored' was used before it was defined                                           no-use-before-define
  Line 334:28:  Function declared in a loop contains unsafe references to variable(s) 'spawn', 'spawn'  no-loop-func
  Line 372:26:  'playerScored' was used before it was defined                                           no-use-before-define

ERROR in [eslint] 
src/App.js
  Line 315:47:  'LASER_WARNING_TIME' is not defined     no-undef
  Line 359:57:  'BOMB_EXPLODE_DURATION' is not defined  no-undef
  Line 365:89:  'BOMB_EXPLODE_DURATION' is not defined  no-undef
  Line 388:22:  'LASER_VARIANT_COLORS' is not defined   no-undef
  Line 388:70:  'LASER_VARIANT_COLORS' is not defined   no-undef
  Line 402:66:  'LASER_FIRE_TIME' is not defined        no-undef
  Line 419:44:  'BOMB_RADIUS' is not defined            no-undef
  Line 427:50:  'BOMB_RADIUS' is not defined            no-undef
  Line 443:45:  'LASER_WIDTH' is not defined            no-undef
  Line 447:49:  'LASER_WIDTH' is not defined            no-undef
  Line 456:45:  'LASER_WIDTH' is not defined            no-undef
  Line 460:49:  'LASER_WIDTH' is not defined            no-undef

Search for the keywords to learn more about each error.

webpack compiled with 1 error and 1 warning
Compiling...
Failed to compile.

[eslint] 
src/App.js
  Line 315:47:  'LASER_WARNING_TIME' is not defined     no-undef
  Line 359:57:  'BOMB_EXPLODE_DURATION' is not defined  no-undef
  Line 365:89:  'BOMB_EXPLODE_DURATION' is not defined  no-undef
  Line 388:22:  'LASER_VARIANT_COLORS' is not defined   no-undef
  Line 388:70:  'LASER_VARIANT_COLORS' is not defined   no-undef
  Line 402:66:  'LASER_FIRE_TIME' is not defined        no-undef
  Line 419:44:  'BOMB_RADIUS' is not defined            no-undef
  Line 427:50:  'BOMB_RADIUS' is not defined            no-undef
  Line 443:45:  'LASER_WIDTH' is not defined            no-undef
  Line 447:49:  'LASER_WIDTH' is not defined            no-undef
  Line 456:45:  'LASER_WIDTH' is not defined            no-undef
  Line 460:49:  'LASER_WIDTH' is not defined            no-undef
  Line 634:35:  'BOMB_WARNING_RADIUS' is not defined    no-undef
  Line 644:57:  'BOMB_EXPLODE_DURATION' is not defined  no-undef
  Line 647:13:  'BOMB_RADIUS' is not defined            no-undef
  Line 647:62:  'BOMB_EXPLODE_DURATION' is not defined  no-undef
  Line 652:68:  'BOMB_EXPLODE_DURATION' is not defined  no-undef
  Line 656:35:  'BOMB_RADIUS' is not defined            no-undef
  Line 678:25:  'LASER_WIDTH' is not defined            no-undef
  Line 679:43:  'LASER_WARNING_COLOR' is not defined    no-undef

Search for the keywords to learn more about each error.
WARNING in [eslint] 
src/App.js
  Line 64:9:    Function declared in a loop contains unsafe references to variable(s) 'pos', 'pos'      no-loop-func
  Line 320:26:  'playerScored' was used before it was defined                                           no-use-before-define
  Line 334:28:  Function declared in a loop contains unsafe references to variable(s) 'spawn', 'spawn'  no-loop-func
  Line 372:26:  'playerScored' was used before it was defined                                           no-use-before-define

ERROR in [eslint] 
src/App.js
  Line 315:47:  'LASER_WARNING_TIME' is not defined     no-undef
  Line 359:57:  'BOMB_EXPLODE_DURATION' is not defined  no-undef
  Line 365:89:  'BOMB_EXPLODE_DURATION' is not defined  no-undef
  Line 388:22:  'LASER_VARIANT_COLORS' is not defined   no-undef
  Line 388:70:  'LASER_VARIANT_COLORS' is not defined   no-undef
  Line 402:66:  'LASER_FIRE_TIME' is not defined        no-undef
  Line 419:44:  'BOMB_RADIUS' is not defined            no-undef
  Line 427:50:  'BOMB_RADIUS' is not defined            no-undef
  Line 443:45:  'LASER_WIDTH' is not defined            no-undef
  Line 447:49:  'LASER_WIDTH' is not defined            no-undef
  Line 456:45:  'LASER_WIDTH' is not defined            no-undef
  Line 460:49:  'LASER_WIDTH' is not defined            no-undef
  Line 634:35:  'BOMB_WARNING_RADIUS' is not defined    no-undef
  Line 644:57:  'BOMB_EXPLODE_DURATION' is not defined  no-undef
  Line 647:13:  'BOMB_RADIUS' is not defined            no-undef
  Line 647:62:  'BOMB_EXPLODE_DURATION' is not defined  no-undef
  Line 652:68:  'BOMB_EXPLODE_DURATION' is not defined  no-undef
  Line 656:35:  'BOMB_RADIUS' is not defined            no-undef
  Line 678:25:  'LASER_WIDTH' is not defined            no-undef
  Line 679:43:  'LASER_WARNING_COLOR' is not defined    no-undef

Search for the keywords to learn more about each error.

webpack compiled with 1 error and 1 warning
Compiling...
Failed to compile.

[eslint] 
src/App.js
  Line 315:47:  'LASER_WARNING_TIME' is not defined     no-undef
  Line 359:57:  'BOMB_EXPLODE_DURATION' is not defined  no-undef
  Line 365:89:  'BOMB_EXPLODE_DURATION' is not defined  no-undef
  Line 388:22:  'LASER_VARIANT_COLORS' is not defined   no-undef
  Line 388:70:  'LASER_VARIANT_COLORS' is not defined   no-undef
  Line 402:66:  'LASER_FIRE_TIME' is not defined        no-undef
  Line 419:44:  'BOMB_RADIUS' is not defined            no-undef
  Line 427:50:  'BOMB_RADIUS' is not defined            no-undef
  Line 443:45:  'LASER_WIDTH' is not defined            no-undef
  Line 447:49:  'LASER_WIDTH' is not defined            no-undef
  Line 456:45:  'LASER_WIDTH' is not defined            no-undef
  Line 460:49:  'LASER_WIDTH' is not defined            no-undef
  Line 634:35:  'BOMB_WARNING_RADIUS' is not defined    no-undef
  Line 644:57:  'BOMB_EXPLODE_DURATION' is not defined  no-undef
  Line 647:13:  'BOMB_RADIUS' is not defined            no-undef
  Line 647:62:  'BOMB_EXPLODE_DURATION' is not defined  no-undef
  Line 652:68:  'BOMB_EXPLODE_DURATION' is not defined  no-undef
  Line 656:35:  'BOMB_RADIUS' is not defined            no-undef
  Line 678:25:  'LASER_WIDTH' is not defined            no-undef
  Line 679:43:  'LASER_WARNING_COLOR' is not defined    no-undef

Search for the keywords to learn more about each error.
WARNING in [eslint] 
src/App.js
  Line 64:9:    Function declared in a loop contains unsafe references to variable(s) 'pos', 'pos'      no-loop-func
  Line 320:26:  'playerScored' was used before it was defined                                           no-use-before-define
  Line 334:28:  Function declared in a loop contains unsafe references to variable(s) 'spawn', 'spawn'  no-loop-func
  Line 372:26:  'playerScored' was used before it was defined                                           no-use-before-define

ERROR in [eslint] 
src/App.js
  Line 315:47:  'LASER_WARNING_TIME' is not defined     no-undef
  Line 359:57:  'BOMB_EXPLODE_DURATION' is not defined  no-undef
  Line 365:89:  'BOMB_EXPLODE_DURATION' is not defined  no-undef
  Line 388:22:  'LASER_VARIANT_COLORS' is not defined   no-undef
  Line 388:70:  'LASER_VARIANT_COLORS' is not defined   no-undef
  Line 402:66:  'LASER_FIRE_TIME' is not defined        no-undef
  Line 419:44:  'BOMB_RADIUS' is not defined            no-undef
  Line 427:50:  'BOMB_RADIUS' is not defined            no-undef
  Line 443:45:  'LASER_WIDTH' is not defined            no-undef
  Line 447:49:  'LASER_WIDTH' is not defined            no-undef
  Line 456:45:  'LASER_WIDTH' is not defined            no-undef
  Line 460:49:  'LASER_WIDTH' is not defined            no-undef
  Line 634:35:  'BOMB_WARNING_RADIUS' is not defined    no-undef
  Line 644:57:  'BOMB_EXPLODE_DURATION' is not defined  no-undef
  Line 647:13:  'BOMB_RADIUS' is not defined            no-undef
  Line 647:62:  'BOMB_EXPLODE_DURATION' is not defined  no-undef
  Line 652:68:  'BOMB_EXPLODE_DURATION' is not defined  no-undef
  Line 656:35:  'BOMB_RADIUS' is not defined            no-undef
  Line 678:25:  'LASER_WIDTH' is not defined            no-undef
  Line 679:43:  'LASER_WARNING_COLOR' is not defined    no-undef

Search for the keywords to learn more about each error.

webpack compiled with 1 error and 1 warning
Compiling...
Failed to compile.

[eslint] 
src/App.js
  Line 315:47:  'LASER_WARNING_TIME' is not defined     no-undef
  Line 359:57:  'BOMB_EXPLODE_DURATION' is not defined  no-undef
  Line 365:89:  'BOMB_EXPLODE_DURATION' is not defined  no-undef
  Line 388:22:  'LASER_VARIANT_COLORS' is not defined   no-undef
  Line 388:70:  'LASER_VARIANT_COLORS' is not defined   no-undef
  Line 402:66:  'LASER_FIRE_TIME' is not defined        no-undef
  Line 419:44:  'BOMB_RADIUS' is not defined            no-undef
  Line 427:50:  'BOMB_RADIUS' is not defined            no-undef
  Line 443:45:  'LASER_WIDTH' is not defined            no-undef
  Line 447:49:  'LASER_WIDTH' is not defined            no-undef
  Line 456:45:  'LASER_WIDTH' is not defined            no-undef
  Line 460:49:  'LASER_WIDTH' is not defined            no-undef
  Line 634:35:  'BOMB_WARNING_RADIUS' is not defined    no-undef
  Line 644:57:  'BOMB_EXPLODE_DURATION' is not defined  no-undef
  Line 647:13:  'BOMB_RADIUS' is not defined            no-undef
  Line 647:62:  'BOMB_EXPLODE_DURATION' is not defined  no-undef
  Line 652:68:  'BOMB_EXPLODE_DURATION' is not defined  no-undef
  Line 656:35:  'BOMB_RADIUS' is not defined            no-undef
  Line 678:25:  'LASER_WIDTH' is not defined            no-undef
  Line 679:43:  'LASER_WARNING_COLOR' is not defined    no-undef

Search for the keywords to learn more about each error.
WARNING in [eslint] 
src/App.js
  Line 64:9:    Function declared in a loop contains unsafe references to variable(s) 'pos', 'pos'      no-loop-func
  Line 320:26:  'playerScored' was used before it was defined                                           no-use-before-define
  Line 334:28:  Function declared in a loop contains unsafe references to variable(s) 'spawn', 'spawn'  no-loop-func
  Line 372:26:  'playerScored' was used before it was defined                                           no-use-before-define

ERROR in [eslint] 
src/App.js
  Line 315:47:  'LASER_WARNING_TIME' is not defined     no-undef
  Line 359:57:  'BOMB_EXPLODE_DURATION' is not defined  no-undef
  Line 365:89:  'BOMB_EXPLODE_DURATION' is not defined  no-undef
  Line 388:22:  'LASER_VARIANT_COLORS' is not defined   no-undef
  Line 388:70:  'LASER_VARIANT_COLORS' is not defined   no-undef
  Line 402:66:  'LASER_FIRE_TIME' is not defined        no-undef
  Line 419:44:  'BOMB_RADIUS' is not defined            no-undef
  Line 427:50:  'BOMB_RADIUS' is not defined            no-undef
  Line 443:45:  'LASER_WIDTH' is not defined            no-undef
  Line 447:49:  'LASER_WIDTH' is not defined            no-undef
  Line 456:45:  'LASER_WIDTH' is not defined            no-undef
  Line 460:49:  'LASER_WIDTH' is not defined            no-undef
  Line 634:35:  'BOMB_WARNING_RADIUS' is not defined    no-undef
  Line 644:57:  'BOMB_EXPLODE_DURATION' is not defined  no-undef
  Line 647:13:  'BOMB_RADIUS' is not defined            no-undef
  Line 647:62:  'BOMB_EXPLODE_DURATION' is not defined  no-undef
  Line 652:68:  'BOMB_EXPLODE_DURATION' is not defined  no-undef
  Line 656:35:  'BOMB_RADIUS' is not defined            no-undef
  Line 678:25:  'LASER_WIDTH' is not defined            no-undef
  Line 679:43:  'LASER_WARNING_COLOR' is not defined    no-undef

Search for the keywords to learn more about each error.

webpack compiled with 1 error and 1 warning
Compiling...
Compiled with warnings.

[eslint] 
src/App.js
  Line 33:7:    'BOMB_MIN_DELAY' is assigned a value but never used                                     no-unused-vars
  Line 34:7:    'BOMB_MAX_DELAY' is assigned a value but never used                                     no-unused-vars
  Line 78:9:    Function declared in a loop contains unsafe references to variable(s) 'pos', 'pos'      no-loop-func
  Line 334:26:  'playerScored' was used before it was defined                                           no-use-before-define
  Line 348:28:  Function declared in a loop contains unsafe references to variable(s) 'spawn', 'spawn'  no-loop-func
  Line 386:26:  'playerScored' was used before it was defined                                           no-use-before-define

Search for the keywords to learn more about each warning.
To ignore, add // eslint-disable-next-line to the line before.

WARNING in [eslint] 
src/App.js
  Line 33:7:    'BOMB_MIN_DELAY' is assigned a value but never used                                     no-unused-vars
  Line 34:7:    'BOMB_MAX_DELAY' is assigned a value but never used                                     no-unused-vars
  Line 78:9:    Function declared in a loop contains unsafe references to variable(s) 'pos', 'pos'      no-loop-func
  Line 334:26:  'playerScored' was used before it was defined                                           no-use-before-define
  Line 348:28:  Function declared in a loop contains unsafe references to variable(s) 'spawn', 'spawn'  no-loop-func
  Line 386:26:  'playerScored' was used before it was defined                                           no-use-before-define

webpack compiled with 1 warning
